// Jest Snapshot v1, https://goo.gl/fbAQLP

exports[`App should shallow render without exploding 1`] = `
<div
  style={
    Object {
      "display": "flex",
      "justifyContent": "center",
    }
  }
>
  <h1>
    Hello, there
  </h1>
</div>
`;
